\o Program:		@(#)$CDS: libManager version 6.1.8 - CAT37 09/24/2018 21:00 (ip-172-18-22-224) $
\o Sub version:		sub-version  p015 
\o Arguments:		-unmapped -mpssession virtuoso4961 -mpshost IC 
\o Working Directory:	IC:/home/IC/Desktop/virtuoso/ALLTEK/TSMC13
\o 64-bit offsets
\o Qt version: 		5.9.1
\o changeWorkingDir("/home/IC/Desktop/virtuoso/ALLTEK/TSMC13") unnecessary.
\o ddSetForcedLib("") unnecessary.
\o Log file is "/home/IC/Desktop/virtuoso/ALLTEK/TSMC13/libManager.log".
\o Opening libManager window.
\a nrSetWindowVisibility(cdsLibManager "show")
\o MPS service: map window
\o Library Manager customization server connected.
\a nrSetCurrentWindow(cdsLibManager)
\w Warning: The directory: '/home/IC/Desktop/virtuoso/UMC18_PWR' does not exist
\w 	but was defined in libFile '/home/IC/Desktop/virtuoso/ALLTEK/TSMC13/cds.lib' for Lib 'UMC18_PWR'.
\w Warning: The directory: '/home/IC/Desktop/virtuoso/TEST_UMC18_PWR' does not exist
\w 	but was defined in libFile '/home/IC/Desktop/virtuoso/ALLTEK/TSMC13/cds.lib' for Lib 'TEST_UMC18_PWR'.
\w Warning: The directory: '/home/IC/Desktop/virtuoso/ALLTEK/TSMC13/PSMC11_BIOUP' does not exist
\w 	but was defined in libFile '/home/IC/Desktop/virtuoso/ALLTEK/TSMC13/cds.lib' for Lib 'PSMC11_BIOUP'.
\w Warning: The directory: '/home/IC/Desktop/virtuoso/ALLTEK/TSMC13/TEST_PSMC11_BIOUP' does not exist
\w 	but was defined in libFile '/home/IC/Desktop/virtuoso/ALLTEK/TSMC13/cds.lib' for Lib 'TEST_PSMC11_BIOUP'.
\w Warning: The directory: '/home/IC/Desktop/virtuoso/ALLTEK/TSMC13/TEST_PSMC11_RRIO_OPA' does not exist
\w 	but was defined in libFile '/home/IC/Desktop/virtuoso/ALLTEK/TSMC13/cds.lib' for Lib 'TEST_PSMC11_RRIO_OPA'.
\w Warning: The directory: '/home/IC/Desktop/virtuoso/ALLTEK/TSMC13/TEST_PSMC11_BIOUP_IDAC' does not exist
\w 	but was defined in libFile '/home/IC/Desktop/virtuoso/ALLTEK/TSMC13/cds.lib' for Lib 'TEST_PSMC11_BIOUP_IDAC'.
\w Warning: The directory: '/home/IC/Desktop/virtuoso/ALLTEK/TSMC13/TEST_PSMC11_BIOUP_DAC' does not exist
\w 	but was defined in libFile '/home/IC/Desktop/virtuoso/ALLTEK/TSMC13/cds.lib' for Lib 'TEST_PSMC11_BIOUP_DAC'.
\w Warning: The directory: '/home/IC/Desktop/virtuoso/ALLTEK/TSMC13/TEST_PSMC11_BIOUP_ADC' does not exist
\w 	but was defined in libFile '/home/IC/Desktop/virtuoso/ALLTEK/TSMC13/cds.lib' for Lib 'TEST_PSMC11_BIOUP_ADC'.
\w Warning: The directory: '/home/IC/Desktop/virtuoso/ALLTEK/TSMC13/PSMC11_RRIO_OPA' does not exist
\w 	but was defined in libFile '/home/IC/Desktop/virtuoso/ALLTEK/TSMC13/cds.lib' for Lib 'PSMC11_RRIO_OPA'.
\w Warning: The directory: '/home/IC/Desktop/virtuoso/ALLTEK/TSMC13/PSMC11_BIOUP_IDAC' does not exist
\w 	but was defined in libFile '/home/IC/Desktop/virtuoso/ALLTEK/TSMC13/cds.lib' for Lib 'PSMC11_BIOUP_IDAC'.
\w Warning: The directory: '/home/IC/Desktop/virtuoso/ALLTEK/TSMC13/PSMC11_BIOUP_DAC' does not exist
\w 	but was defined in libFile '/home/IC/Desktop/virtuoso/ALLTEK/TSMC13/cds.lib' for Lib 'PSMC11_BIOUP_DAC'.
\w Warning: The directory: '/home/IC/Desktop/virtuoso/ALLTEK/TSMC13/PSMC11_BIOUP_ADC' does not exist
\w 	but was defined in libFile '/home/IC/Desktop/virtuoso/ALLTEK/TSMC13/cds.lib' for Lib 'PSMC11_BIOUP_ADC'.
\w Warning: The directory: '/home/IC/Desktop/virtuoso/ALLTEK/TSMC13/PSMC11_Standard_Cell' does not exist
\w 	but was defined in libFile '/home/IC/Desktop/virtuoso/ALLTEK/TSMC13/cds.lib' for Lib 'PSMC11_Standard_Cell'.
\w Warning: The directory: '/home/IC/Desktop/virtuoso/ALLTEK/TSMC13/TEST_ADC' does not exist
\w 	but was defined in libFile '/home/IC/Desktop/virtuoso/ALLTEK/TSMC13/cds.lib' for Lib 'TEST_ADC'.
\w Warning: The directory: '/home/IC/Desktop/virtuoso/ALLTEK/TSMC13/ADC' does not exist
\w 	but was defined in libFile '/home/IC/Desktop/virtuoso/ALLTEK/TSMC13/cds.lib' for Lib 'ADC'.
\w Warning: The directory: '/home/IC/Desktop/virtuoso/ALLTEK/TSMC13/TEST_UMC18_ALLTEK_PLL' does not exist
\w 	but was defined in libFile '/home/IC/Desktop/virtuoso/ALLTEK/TSMC13/cds.lib' for Lib 'TEST_UMC18_ALLTEK_PLL'.
\w Warning: The directory: '/home/IC/Desktop/virtuoso/ALLTEK/TSMC13/TEST_UMC18_EQ_TX' does not exist
\w 	but was defined in libFile '/home/IC/Desktop/virtuoso/ALLTEK/TSMC13/cds.lib' for Lib 'TEST_UMC18_EQ_TX'.
\w Warning: The directory: '/home/IC/Desktop/virtuoso/ALLTEK/TSMC13/TEST_UMC18_Adaptive_CTLE' does not exist
\w 	but was defined in libFile '/home/IC/Desktop/virtuoso/ALLTEK/TSMC13/cds.lib' for Lib 'TEST_UMC18_Adaptive_CTLE'.
\w Warning: The directory: '/home/IC/Desktop/virtuoso/ALLTEK/TSMC13/TEST_UMC18_CDR' does not exist
\w 	but was defined in libFile '/home/IC/Desktop/virtuoso/ALLTEK/TSMC13/cds.lib' for Lib 'TEST_UMC18_CDR'.
\w Warning: The directory: '/home/IC/Desktop/virtuoso/ALLTEK/TSMC13/TEST_UMC18_RRIO_OPA' does not exist
\w 	but was defined in libFile '/home/IC/Desktop/virtuoso/ALLTEK/TSMC13/cds.lib' for Lib 'TEST_UMC18_RRIO_OPA'.
\w Warning: The directory: '/home/IC/Desktop/virtuoso/ALLTEK/TSMC13/UMC18_PLL_2p5G' does not exist
\w 	but was defined in libFile '/home/IC/Desktop/virtuoso/ALLTEK/TSMC13/cds.lib' for Lib 'UMC18_PLL_2p5G'.
\w Warning: The directory: '/home/IC/Desktop/virtuoso/ALLTEK/TSMC13/UMC18_ALLTEK_PLL' does not exist
\w 	but was defined in libFile '/home/IC/Desktop/virtuoso/ALLTEK/TSMC13/cds.lib' for Lib 'UMC18_ALLTEK_PLL'.
\w Warning: The directory: '/home/IC/Desktop/virtuoso/ALLTEK/TSMC13/PLL_5G' does not exist
\w 	but was defined in libFile '/home/IC/Desktop/virtuoso/ALLTEK/TSMC13/cds.lib' for Lib 'PLL_5G'.
\w Warning: The directory: '/home/IC/Desktop/virtuoso/ALLTEK/TSMC13/UMC18_Radar_4G_5G' does not exist
\w 	but was defined in libFile '/home/IC/Desktop/virtuoso/ALLTEK/TSMC13/cds.lib' for Lib 'UMC18_Radar_4G_5G'.
\w Warning: The directory: '/home/IC/Desktop/virtuoso/ALLTEK/TSMC13/UMC18_RRIO_OPA' does not exist
\w 	but was defined in libFile '/home/IC/Desktop/virtuoso/ALLTEK/TSMC13/cds.lib' for Lib 'UMC18_RRIO_OPA'.
\w Warning: The directory: '/home/IC/Desktop/virtuoso/ALLTEK/TSMC13/UMC18_Adaptive_CTLE' does not exist
\w 	but was defined in libFile '/home/IC/Desktop/virtuoso/ALLTEK/TSMC13/cds.lib' for Lib 'UMC18_Adaptive_CTLE'.
\w Warning: The directory: '/home/IC/Desktop/virtuoso/ALLTEK/TSMC13/UMC18_EQ_TX' does not exist
\w 	but was defined in libFile '/home/IC/Desktop/virtuoso/ALLTEK/TSMC13/cds.lib' for Lib 'UMC18_EQ_TX'.
\w Warning: The directory: '/home/IC/Desktop/virtuoso/ALLTEK/TSMC13/UMC18_CDR' does not exist
\w 	but was defined in libFile '/home/IC/Desktop/virtuoso/ALLTEK/TSMC13/cds.lib' for Lib 'UMC18_CDR'.
\w Warning: The directory: '/home/IC/Desktop/virtuoso/ALLTEK/TSMC13/UMC18_Standard_Cell' does not exist
\w 	but was defined in libFile '/home/IC/Desktop/virtuoso/ALLTEK/TSMC13/cds.lib' for Lib 'UMC18_Standard_Cell'.
\w Warning: The directory: '/home/IC/Desktop/virtuoso/TEST_Verilog_A' does not exist
\w 	but was defined in libFile '/home/IC/Desktop/virtuoso/ALLTEK/TSMC13/cds.lib' for Lib 'TEST_Verilog_A'.
\w Warning: The directory: '/home/IC/Desktop/virtuoso/ALLTEK/TSMC13/Fractional_PLL' does not exist
\w 	but was defined in libFile '/home/IC/Desktop/virtuoso/ALLTEK/TSMC13/cds.lib' for Lib 'Fractional_PLL'.
\w Warning: The directory: '/home/IC/Desktop/virtuoso/ALLTEK/TSMC13/Verilog_A' does not exist
\w 	but was defined in libFile '/home/IC/Desktop/virtuoso/ALLTEK/TSMC13/cds.lib' for Lib 'Verilog_A'.
\a nrResizeWindow(cdsLibManager list(1111 31 781 679))
\a nrSetCurrentWindow(cdsLibManager)
\a cdsLibManager->libListBox->value = "TSMC13_ALLTEK_PLL"
\a cdsLibManager->libLineEdit->value = "TSMC13_ALLTEK_PLL"
\a cdsLibManager->libListBox->value = "TSMC13_Standard_Cell"
\a cdsLibManager->libLineEdit->value = "TSMC13_Standard_Cell"
\a cdsLibManager->libListBox->value = "TSMC13_ALLTEK_PLL"
\a cdsLibManager->libLineEdit->value = "TSMC13_ALLTEK_PLL"
\a cdsLibManager->cellListBox->value = "PLL"
\a cdsLibManager->cellLineEdit->value = "PLL"
\a cdsLibManager->viewListBox->value = "schematic"
\a cdsLibManager->viewLineEdit->value = "schematic"
\o MPS request: edit design
\a nrListItemAction(cdsLibManager->gdmXTView 0 0)
\a cdsLibManager->libListBox->value = nil
\a cdsLibManager->libLineEdit->value = ""
\a cdsLibManager->cellListBox->value = nil
\a cdsLibManager->viewLineEdit->value = ""
\a cdsLibManager->viewListBox->value = nil
\a cdsLibManager->cellLineEdit->value = ""
\w Warning: The directory: '/home/IC/Desktop/virtuoso/UMC18_PWR' does not exist
\w 	but was defined in libFile '/home/IC/Desktop/virtuoso/ALLTEK/TSMC13/cds.lib' for Lib 'UMC18_PWR'.
\w Warning: The directory: '/home/IC/Desktop/virtuoso/TEST_UMC18_PWR' does not exist
\w 	but was defined in libFile '/home/IC/Desktop/virtuoso/ALLTEK/TSMC13/cds.lib' for Lib 'TEST_UMC18_PWR'.
\w Warning: The directory: '/home/IC/Desktop/virtuoso/ALLTEK/TSMC13/PSMC11_BIOUP' does not exist
\w 	but was defined in libFile '/home/IC/Desktop/virtuoso/ALLTEK/TSMC13/cds.lib' for Lib 'PSMC11_BIOUP'.
\w Warning: The directory: '/home/IC/Desktop/virtuoso/ALLTEK/TSMC13/TEST_PSMC11_BIOUP' does not exist
\w 	but was defined in libFile '/home/IC/Desktop/virtuoso/ALLTEK/TSMC13/cds.lib' for Lib 'TEST_PSMC11_BIOUP'.
\w Warning: The directory: '/home/IC/Desktop/virtuoso/ALLTEK/TSMC13/TEST_PSMC11_RRIO_OPA' does not exist
\w 	but was defined in libFile '/home/IC/Desktop/virtuoso/ALLTEK/TSMC13/cds.lib' for Lib 'TEST_PSMC11_RRIO_OPA'.
\w Warning: The directory: '/home/IC/Desktop/virtuoso/ALLTEK/TSMC13/TEST_PSMC11_BIOUP_IDAC' does not exist
\w 	but was defined in libFile '/home/IC/Desktop/virtuoso/ALLTEK/TSMC13/cds.lib' for Lib 'TEST_PSMC11_BIOUP_IDAC'.
\w Warning: The directory: '/home/IC/Desktop/virtuoso/ALLTEK/TSMC13/TEST_PSMC11_BIOUP_DAC' does not exist
\w 	but was defined in libFile '/home/IC/Desktop/virtuoso/ALLTEK/TSMC13/cds.lib' for Lib 'TEST_PSMC11_BIOUP_DAC'.
\w Warning: The directory: '/home/IC/Desktop/virtuoso/ALLTEK/TSMC13/TEST_PSMC11_BIOUP_ADC' does not exist
\w 	but was defined in libFile '/home/IC/Desktop/virtuoso/ALLTEK/TSMC13/cds.lib' for Lib 'TEST_PSMC11_BIOUP_ADC'.
\w Warning: The directory: '/home/IC/Desktop/virtuoso/ALLTEK/TSMC13/PSMC11_RRIO_OPA' does not exist
\w 	but was defined in libFile '/home/IC/Desktop/virtuoso/ALLTEK/TSMC13/cds.lib' for Lib 'PSMC11_RRIO_OPA'.
\w Warning: The directory: '/home/IC/Desktop/virtuoso/ALLTEK/TSMC13/PSMC11_BIOUP_IDAC' does not exist
\w 	but was defined in libFile '/home/IC/Desktop/virtuoso/ALLTEK/TSMC13/cds.lib' for Lib 'PSMC11_BIOUP_IDAC'.
\w Warning: The directory: '/home/IC/Desktop/virtuoso/ALLTEK/TSMC13/PSMC11_BIOUP_DAC' does not exist
\w 	but was defined in libFile '/home/IC/Desktop/virtuoso/ALLTEK/TSMC13/cds.lib' for Lib 'PSMC11_BIOUP_DAC'.
\w Warning: The directory: '/home/IC/Desktop/virtuoso/ALLTEK/TSMC13/PSMC11_BIOUP_ADC' does not exist
\w 	but was defined in libFile '/home/IC/Desktop/virtuoso/ALLTEK/TSMC13/cds.lib' for Lib 'PSMC11_BIOUP_ADC'.
\w Warning: The directory: '/home/IC/Desktop/virtuoso/ALLTEK/TSMC13/PSMC11_Standard_Cell' does not exist
\w 	but was defined in libFile '/home/IC/Desktop/virtuoso/ALLTEK/TSMC13/cds.lib' for Lib 'PSMC11_Standard_Cell'.
\w Warning: The directory: '/home/IC/Desktop/virtuoso/ALLTEK/TSMC13/TEST_ADC' does not exist
\w 	but was defined in libFile '/home/IC/Desktop/virtuoso/ALLTEK/TSMC13/cds.lib' for Lib 'TEST_ADC'.
\w Warning: The directory: '/home/IC/Desktop/virtuoso/ALLTEK/TSMC13/ADC' does not exist
\w 	but was defined in libFile '/home/IC/Desktop/virtuoso/ALLTEK/TSMC13/cds.lib' for Lib 'ADC'.
\w Warning: The directory: '/home/IC/Desktop/virtuoso/ALLTEK/TSMC13/TEST_UMC18_ALLTEK_PLL' does not exist
\w 	but was defined in libFile '/home/IC/Desktop/virtuoso/ALLTEK/TSMC13/cds.lib' for Lib 'TEST_UMC18_ALLTEK_PLL'.
\w Warning: The directory: '/home/IC/Desktop/virtuoso/ALLTEK/TSMC13/TEST_UMC18_EQ_TX' does not exist
\w 	but was defined in libFile '/home/IC/Desktop/virtuoso/ALLTEK/TSMC13/cds.lib' for Lib 'TEST_UMC18_EQ_TX'.
\w Warning: The directory: '/home/IC/Desktop/virtuoso/ALLTEK/TSMC13/TEST_UMC18_Adaptive_CTLE' does not exist
\w 	but was defined in libFile '/home/IC/Desktop/virtuoso/ALLTEK/TSMC13/cds.lib' for Lib 'TEST_UMC18_Adaptive_CTLE'.
\w Warning: The directory: '/home/IC/Desktop/virtuoso/ALLTEK/TSMC13/TEST_UMC18_CDR' does not exist
\w 	but was defined in libFile '/home/IC/Desktop/virtuoso/ALLTEK/TSMC13/cds.lib' for Lib 'TEST_UMC18_CDR'.
\w Warning: The directory: '/home/IC/Desktop/virtuoso/ALLTEK/TSMC13/TEST_UMC18_RRIO_OPA' does not exist
\w 	but was defined in libFile '/home/IC/Desktop/virtuoso/ALLTEK/TSMC13/cds.lib' for Lib 'TEST_UMC18_RRIO_OPA'.
\w Warning: The directory: '/home/IC/Desktop/virtuoso/ALLTEK/TSMC13/UMC18_PLL_2p5G' does not exist
\w 	but was defined in libFile '/home/IC/Desktop/virtuoso/ALLTEK/TSMC13/cds.lib' for Lib 'UMC18_PLL_2p5G'.
\w Warning: The directory: '/home/IC/Desktop/virtuoso/ALLTEK/TSMC13/UMC18_ALLTEK_PLL' does not exist
\w 	but was defined in libFile '/home/IC/Desktop/virtuoso/ALLTEK/TSMC13/cds.lib' for Lib 'UMC18_ALLTEK_PLL'.
\w Warning: The directory: '/home/IC/Desktop/virtuoso/ALLTEK/TSMC13/PLL_5G' does not exist
\w 	but was defined in libFile '/home/IC/Desktop/virtuoso/ALLTEK/TSMC13/cds.lib' for Lib 'PLL_5G'.
\w Warning: The directory: '/home/IC/Desktop/virtuoso/ALLTEK/TSMC13/UMC18_Radar_4G_5G' does not exist
\w 	but was defined in libFile '/home/IC/Desktop/virtuoso/ALLTEK/TSMC13/cds.lib' for Lib 'UMC18_Radar_4G_5G'.
\w Warning: The directory: '/home/IC/Desktop/virtuoso/ALLTEK/TSMC13/UMC18_RRIO_OPA' does not exist
\w 	but was defined in libFile '/home/IC/Desktop/virtuoso/ALLTEK/TSMC13/cds.lib' for Lib 'UMC18_RRIO_OPA'.
\w Warning: The directory: '/home/IC/Desktop/virtuoso/ALLTEK/TSMC13/UMC18_Adaptive_CTLE' does not exist
\w 	but was defined in libFile '/home/IC/Desktop/virtuoso/ALLTEK/TSMC13/cds.lib' for Lib 'UMC18_Adaptive_CTLE'.
\w Warning: The directory: '/home/IC/Desktop/virtuoso/ALLTEK/TSMC13/UMC18_EQ_TX' does not exist
\w 	but was defined in libFile '/home/IC/Desktop/virtuoso/ALLTEK/TSMC13/cds.lib' for Lib 'UMC18_EQ_TX'.
\w Warning: The directory: '/home/IC/Desktop/virtuoso/ALLTEK/TSMC13/UMC18_CDR' does not exist
\w 	but was defined in libFile '/home/IC/Desktop/virtuoso/ALLTEK/TSMC13/cds.lib' for Lib 'UMC18_CDR'.
\w Warning: The directory: '/home/IC/Desktop/virtuoso/ALLTEK/TSMC13/UMC18_Standard_Cell' does not exist
\w 	but was defined in libFile '/home/IC/Desktop/virtuoso/ALLTEK/TSMC13/cds.lib' for Lib 'UMC18_Standard_Cell'.
\w Warning: The directory: '/home/IC/Desktop/virtuoso/TEST_Verilog_A' does not exist
\w 	but was defined in libFile '/home/IC/Desktop/virtuoso/ALLTEK/TSMC13/cds.lib' for Lib 'TEST_Verilog_A'.
\w Warning: The directory: '/home/IC/Desktop/virtuoso/ALLTEK/TSMC13/Fractional_PLL' does not exist
\w 	but was defined in libFile '/home/IC/Desktop/virtuoso/ALLTEK/TSMC13/cds.lib' for Lib 'Fractional_PLL'.
\w Warning: The directory: '/home/IC/Desktop/virtuoso/ALLTEK/TSMC13/Verilog_A' does not exist
\w 	but was defined in libFile '/home/IC/Desktop/virtuoso/ALLTEK/TSMC13/cds.lib' for Lib 'Verilog_A'.
\a cdsLibManager->libListBox->value = "TSMC13_ALLTEK_PLL"
\a cdsLibManager->libLineEdit->value = "TSMC13_ALLTEK_PLL"
\a cdsLibManager->cellListBox->value = "PLL"
\a cdsLibManager->cellLineEdit->value = "PLL"
\a cdsLibManager->viewListBox->value = "schematic"
\a cdsLibManager->viewLineEdit->value = "schematic"
\a cdsLibManager->viewLineEdit->value = ""
\a cdsLibManager->viewListBox->value = nil
\a cdsLibManager->viewListBox->value = "schematic"
\a cdsLibManager->viewLineEdit->value = "schematic"
\a nrSetCurrentWindow(cdsLibManager)
\a nrSetCurrentWindow(cdsLibManager)
\a cdsLibManager->viewListBox->value = nil
\a cdsLibManager->viewLineEdit->value = ""
\a cdsLibManager->viewListBox->value = "schematic"
\a cdsLibManager->viewLineEdit->value = "schematic"
\o MPS request: edit design
\a nrListItemAction(cdsLibManager->gdmXTView 0 0)
\a nrSetCurrentWindow(cdsLibManager)
\a nrSetCurrentWindow(cdsLibManager)
\a nrSetCurrentWindow(cdsLibManager)
\a nrSetCurrentWindow(cdsLibManager)
\a cdsLibManager->viewListBox->value = nil
\a cdsLibManager->viewLineEdit->value = ""
\a cdsLibManager->viewListBox->value = "schematic"
\a cdsLibManager->viewLineEdit->value = "schematic"
\o MPS request: edit design
\a nrListItemAction(cdsLibManager->gdmXTView 0 0)
\a nrSetCurrentWindow(cdsLibManager)
\a nrSetCurrentWindow(cdsLibManager)
\a nrResizeWindow(cdsLibManager list(933 28 781 679))
\a nrResizeWindow(cdsLibManager list(1110 33 781 679))
\a nrResizeWindow(cdsLibManager list(1110 30 781 679))
\a nrSetCurrentWindow(cdsLibManager)
\a nrSetWindowVisibility(cdsLibManager "hide")
\a nrSetWindowVisibility(cdsLibManager "show")
\a nrSetCurrentWindow(cdsLibManager)
\a nrSetCurrentWindow(cdsLibManager)
\a nrSetCurrentWindow(cdsLibManager)
\a nrSetCurrentWindow(cdsLibManager)
\a cdsLibManager->libListBox->value = "TSMC13_Standard_Cell"
\a cdsLibManager->libLineEdit->value = "TSMC13_Standard_Cell"
\a cdsLibManager->cellLineEdit->value = ""
\a cdsLibManager->cellListBox->value = nil
\a cdsLibManager->viewLineEdit->value = ""
\a cdsLibManager->viewListBox->value = nil
\a cdsLibManager->libListBox->value = "TSMC13_ALLTEK_PLL"
\a cdsLibManager->libLineEdit->value = "TSMC13_ALLTEK_PLL"
\a cdsLibManager->cellListBox->value = "=VCO_CAP_CELL"
\a cdsLibManager->cellLineEdit->value = "=VCO_CAP_CELL"
\a cdsLibManager->viewListBox->value = "schematic"
\a cdsLibManager->viewLineEdit->value = "schematic"
\a cdsLibManager->cellListBox->value = "CML2CMOS"
\a cdsLibManager->cellLineEdit->value = "CML2CMOS"
\a cdsLibManager->viewLineEdit->value = ""
\a cdsLibManager->viewListBox->value = nil
\a cdsLibManager->viewListBox->value = "schematic"
\a cdsLibManager->viewLineEdit->value = "schematic"
\a nrSetCurrentWindow(cdsLibManager)
\a cdsLibManager->cellListBox->value = "Linear_tuning_Unit"
\a cdsLibManager->cellLineEdit->value = "Linear_tuning_Unit"
\a cdsLibManager->viewLineEdit->value = ""
\a cdsLibManager->viewListBox->value = nil
\a cdsLibManager->viewListBox->value = "schematic"
\a cdsLibManager->viewLineEdit->value = "schematic"
\a cdsLibManager->cellListBox->value = "PLL"
\a cdsLibManager->cellLineEdit->value = "PLL"
\a cdsLibManager->viewLineEdit->value = ""
\a cdsLibManager->viewListBox->value = nil
\a cdsLibManager->viewListBox->value = "schematic"
\a cdsLibManager->viewLineEdit->value = "schematic"
\a cdsLibManager->viewListBox->value = nil
\a cdsLibManager->viewLineEdit->value = ""
\a cdsLibManager->viewListBox->value = "schematic"
\a cdsLibManager->viewLineEdit->value = "schematic"
\o MPS request: edit design
\a nrListItemAction(cdsLibManager->gdmXTView 0 0)
\a nrSetCurrentWindow(cdsLibManager)
\a nrSetCurrentWindow(cdsLibManager)
\a nrSetCurrentWindow(cdsLibManager)
\a nrSetCurrentWindow(cdsLibManager)
\a nrSetCurrentWindow(cdsLibManager)
\a nrSetCurrentWindow(cdsLibManager)
\a nrSetCurrentWindow(cdsLibManager)
\a nrSetCurrentWindow(cdsLibManager)
\a nrResizeWindow(cdsLibManager list(933 28 781 679))
\a nrResizeWindow(cdsLibManager list(1108 29 781 679))
\a nrSetCurrentWindow(cdsLibManager)
\a nrSetCurrentWindow(cdsLibManager)
\a nrSetCurrentWindow(cdsLibManager)
\a nrSetWindowVisibility(cdsLibManager "hide")
\a _lmgrCloseIconify("cdsLibManager" 1)
\o MPS service: shutdown
\o libManager is exiting.
\a exit(0)
