match library name:tsmc13
Total Case Selection:3
*Avaliable types of PROC are: 
   1 - 0.13um MS/RF 1.2v/2.5v
   2 - 0.13um MS/RF 1.2v/3.3v
Please enter your choice: (1,2...)
<PROC selection is [1]0.13um MS/RF 1.2v/2.5v>

*Avaliable types of MIMCAP are: 
   1 - 1.0fF_MIM
   2 - 1.5fF_MIM
Please enter your choice: (1,2...)
<MIMCAP selection is [1]1.0fF_MIM>

*Avaliable types of METAL are: 
   1 - 1p8m_5X1Z1U_CURDL
   2 - 1p8m_6X1Z0U_CURDL
   3 - 1p7m_4X1Z1U_CURDL
   4 - 1p7m_5X1Z0U_CURDL
   5 - 1p6m_3X1Z1U_CURDL
   6 - 1p6m_4X1Z0U_CURDL
   7 - 1p5m_2X1Z1U_CURDL
   8 - 1p5m_3X1Z0U_CURDL
   9 - 1p4m_1X1Z1U_CURDL
   10 - 1p4m_2X1Z0U_CURDL
Please enter your choice: (1,2...)
<METAL selection is [1]1p8m_5X1Z1U_CURDL>

Please enter your Installation Directory Name: 
Please enter your Installation Directory(Not Include Path Name): 
Please enter your Installation Directory(Not Include Path Name): 
Please confirm with your selection : 
*********************************************************
*** Select PROC : 0.13um MS/RF 1.2v/2.5v
*** Select MIMCAP : 1.0fF_MIM
*** Select METAL : 1p8m_5X1Z1U_CURDL
*** Install to directory : TSMC13
*********************************************************
Are these correct (y|n) ?
====== Copying Lib files ======
Complete 
====== Installing pdk library ======
Running "rm -rf tsmc13rf/M1_NACTIVE" ......
Running "rm -rf tsmc13rf/M1_NPOLYG" ......
Running "rm -rf tsmc13rf/M1_NWELL" ......
Running "rm -rf tsmc13rf/M1_OD" ......
Running "rm -rf tsmc13rf/M1_ODc" ......
Running "rm -rf tsmc13rf/M1_PACTIVE" ......
Running "rm -rf tsmc13rf/M1_PO" ......
Running "rm -rf tsmc13rf/M1_POc" ......
Running "rm -rf tsmc13rf/M1_PPOLYG" ......
Running "rm -rf tsmc13rf/M1_SUB" ......
Running "rm -rf tsmc13rf/M2_M1" ......
Running "rm -rf tsmc13rf/M2_M1c" ......
Running "rm -rf tsmc13rf/M3_M2" ......
Running "rm -rf tsmc13rf/M3_M2c" ......
Running "rm -rf tsmc13rf/M4_M3" ......
Running "rm -rf tsmc13rf/M4_M3c" ......
Running "rm -rf tsmc13rf/M5_M4" ......
Running "rm -rf tsmc13rf/M5_M4c" ......
Running "rm -rf tsmc13rf/M6_M5" ......
Running "rm -rf tsmc13rf/M6_M5c" ......
Running "rm -rf tsmc13rf/M7_M6" ......
Running "rm -rf tsmc13rf/M7_M6c" ......
Running "rm -rf tsmc13rf/M8_M7" ......
Running "rm -rf tsmc13rf/M8_M7c" ......
Running "rm -rf tsmc13rf/cdsinfo.tag" ......
Running "rm -rf tsmc13rf/met[1-8]_T" ......
Running "rm -rf tsmc13rf/po_T" ......
Running "rm -rf tsmc13rf/ruleVia" ......
Running "rm -rf tsmc13rf/techfile.cds" ......
Running "rm -rf tsmc13rf/via[1-7]" ......
Running "rm -rf tsmc13rf/via[2-7]ts" ......
Running "rm -f models/tsmc13rf.scs" ......
Running "rm -f models/temp.mdl" ......
Running "rm -f models/hspice.mdl" ......
Running "rm -f models/tsmc13rf.ads" ......
Running "rm -rf tsmc13rf/*Cat" ......
Running "rm -rf Calibre/drc/*" ......
Running "rm -rf Calibre/lvs_rcx/*" ......
Running "rm -rf Assura/drc/*" ......
Running "rm -rf Assura/lvs_rcx/*" ......
Running "rm -rf tsmc13rf/spiral_std 2>/dev/null" ......
Running "rm -rf tsmc13rf/spiral_sym 2>/dev/null" ......
Running "rm -rf tsmc13rf/spiral_sym_ct 2>/dev/null" ......
Running "rm -rf tsmc13rf/mimcap" ......
Running "rm -rf tsmc13rf/mimcap_mis" ......
Running "rm -rf tsmc13rf/mimcap_um 2>/dev/null" ......
Running "rm -rf tsmc13rf/mimcap_um_mis 2>/dev/null" ......
Running "rm -rf tsmc13rf/mimcap_woum 2>/dev/null" ......
Running "rm -rf tsmc13rf/mimcap_woum_mis 2>/dev/null" ......
Running "rm -rf tsmc13rf/mimcap_woum_m[4-9]wiUTM" ......
Running "rm -rf tsmc13rf/mimcap_um_m[4-9]wiUTM" ......
Running "rm -rf tsmc13rf/mimcap_m[4-9]wiUTM" ......
Running "rm -rf tsmc13rf/mimcap_woum_mis_m[4-9]wiUTM" ......
Running "rm -rf tsmc13rf/mimcap_um_mis_m[4-9]wiUTM" ......
Running "rm -rf tsmc13rf/mimcap_mis_m[4-9]wiUTM" ......
Running "rm -rf tsmc13rf/crtmom 2>/dev/null" ......
Running "rm -rf tsmc13rf/nmos1vn" ......
Running "rm -rf tsmc13rf/nmos1vlvt" ......
Running "rm -rf tsmc13rf/pmos1vlvt" ......
Running "rm -rf tsmc13rf/nmos1vlvt_mis" ......
Running "rm -rf tsmc13rf/pmos1vlvt_mis" ......
Running "rm -rf tsmc13rf/nmos1vnx" ......
Running "rm -rf tsmc13rf/nmos1vlvtx" ......
Running "rm -rf tsmc13rf/pmos1vlvtx" ......
Running "rm -rf tsmc13rf/nmos1vlvt_misx" ......
Running "rm -rf tsmc13rf/pmos1vlvt_misx" ......
Running "rm -rf tsmc13rf/nmos1vn_dfm" ......
Running "rm -rf tsmc13rf/nmos1vn_dfmx" ......
Running "rm -rf tsmc13rf/nmos1vlvt_dfm" ......
Running "rm -rf tsmc13rf/pmos1vlvt_dfm" ......
Running "rm -rf tsmc13rf/nmos1vlvt_mis_dfm" ......
Running "rm -rf tsmc13rf/pmos1vlvt_mis_dfm" ......
Running "rm -rf tsmc13rf/nmos1vlvt_dfmx" ......
Running "rm -rf tsmc13rf/pmos1vlvt_dfmx" ......
Running "rm -rf tsmc13rf/nmos1vlvt_mis_dfmx" ......
Running "rm -rf tsmc13rf/pmos1vlvt_mis_dfmx" ......
Running "rm -rf tsmc13rf/jvar" ......
Running "rm -rf tsmc13rf/mos_var" ......
Running "rm -rf tsmc13rf/mos_var33" ......
Running "rm -rf tsmc13rf/ndio_lvt" ......
Running "rm -rf tsmc13rf/pdio_lvt" ......
Running "rm -rf tsmc13rf/rplpoly_rf 2>/dev/null" ......
Running "rm -rf tsmc13rf/rphpoly_rf 2>/dev/null" ......
Running "rm -rf tsmc13rf/rplpoly" ......
Running "rm -rf tsmc13rf/rnlpoly" ......
Running "rm -rf tsmc13rf/rplplus" ......
Running "rm -rf tsmc13rf/rnlplus" ......
Running "rm -rf tsmc13rf/rpplus" ......
Running "rm -rf tsmc13rf/rnplus" ......
Running "rm -rf tsmc13rf/rphpoly" ......
Running "rm -rf tsmc13rf/rnhpoly" ......
Running "rm -rf tsmc13rf/rnwell" ......
Running "rm -rf tsmc13rf/rnwellod" ......
Running "rm -rf tsmc13rf/rplplus_2T" ......
Running "rm -rf tsmc13rf/rnlplus_2T" ......
Running "rm -rf tsmc13rf/rpplus_2T" ......
Running "rm -rf tsmc13rf/rnplus_2T" ......
Running "rm -rf tsmc13rf/rnwellod_2T" ......
Running "rm -rf tsmc13rf/rm[3-8]" ......
Running "touch Calibre/lvs_rcx/CAP_SWITCH" ......
Running "cp -rf ../ReleaseNote.txt ." ......
Running "cp -rf ../Raw_data/skill ." ......
Running "cp -rf ../Raw_data/tsmc13rf/.	tsmc13rf/" ......
Running "rm -rf tsmc13rf/crtmom" ......
Running "rm -rf tsmc13rf/spiral_std" ......
Running "rm -rf tsmc13rf/spiral_sym" ......
Running "rm -rf tsmc13rf/spiral_sym_ct" ......
Running "rm -rf tsmc13rf/rm8" ......
Running "rm -rf tsmc13rf/rm7" ......
Running "rm -rf tsmc13rf/rm6" ......
Running "rm -rf tsmc13rf/rm5" ......
Running "rm -rf tsmc13rf/rm4" ......
Running "rm -rf tsmc13rf/rm3" ......
Running "rm -rf tsmc13rf/mimcap" ......
Running "rm -rf tsmc13rf/mimcap_mis" ......
Running "rm -rf tsmc13rf/mimcap_woum" ......
Running "rm -rf tsmc13rf/mimcap_woum_mis" ......
Running "rm -rf tsmc13rf/mimcap_um" ......
Running "rm -rf tsmc13rf/mimcap_um_mis" ......
Define LG_25
Running "cp -rf ../Raw_data/models/RF_12_25_FSG/T013MMSP001_1_4/* models/" ......
Running "mv -f models/spectre/RF_12_25_FSG.scs models/spectre/tsmc13rf.scs" ......
Running "mv -f models/hspice/RF_12_25_FSG.mdl models/hspice/temp.mdl" ......
Running "mv -f ./skill/cells_25.txt ./skill/cells.txt" ......
Running "rm -r ./skill/cells_33.txt" ......
Running "rm -rf skill/*~" ......
Running "rm -rf tsmc13rf/*Cat" ......
Running "rm -rf tsmc13rf/libInit.il" ......
Running "cp -f ../Raw_data/techFile/RF_12_25_FSG/category/*Cat tsmc13rf" ......
Running "cp -f ../Raw_data/techFile/RF_12_25_FSG/libInit.il tsmc13rf" ......
Running "echo "Preparing Capacitors ..."" ......
Preparing Capacitors ...
Running "rm -rf	tsmc13rf/nmos3vcap" ......
Running "rm -rf	tsmc13rf/pmos3vcap" ......
Running "echo "Preparing diodes ..."" ......
Preparing diodes ...
Running "rm -rf	tsmc13rf/dio_esd33" ......
Running "rm -rf	tsmc13rf/dioden3" ......
Running "rm -rf	tsmc13rf/diodep3" ......
Running "rm -rf	tsmc13rf/nadioden3" ......
Running "echo "Preparing MOSFETs ..."" ......
Preparing MOSFETs ...
Running "rm -rf	tsmc13rf/nmos3v" ......
Running "rm -rf	tsmc13rf/nmos3v_mis" ......
Running "rm -rf	tsmc13rf/nmos3vn" ......
Running "rm -rf	tsmc13rf/pmos3v" ......
Running "rm -rf	tsmc13rf/pmos3v_mis" ......
Running "echo "Preparing 3T MOSFETs ..."" ......
Preparing 3T MOSFETs ...
Running "rm -rf	tsmc13rf/nmos3vx" ......
Running "rm -rf	tsmc13rf/nmos3v_misx" ......
Running "rm -rf	tsmc13rf/nmos3vnx" ......
Running "rm -rf	tsmc13rf/pmos3vx" ......
Running "rm -rf	tsmc13rf/pmos3v_misx" ......
Running "echo "Preparing RF_MOS ..."" ......
Preparing RF_MOS ...
Running "rm -rf	tsmc13rf/rfnmos3v" ......
Running "rm -rf	tsmc13rf/rfnmos3v_mis" ......
Running "rm -rf	tsmc13rf/rfpmos3v" ......
Running "rm -rf	tsmc13rf/rfpmos3v_mis" ......
Running "rm -rf	tsmc13rf/rfpmos3v_nw" ......
Running "rm -rf	tsmc13rf/rfpmos3v_nw_mis" ......
Running "echo "Preparing MOSFETs_DFM ..."" ......
Preparing MOSFETs_DFM ...
Running "rm -rf	tsmc13rf/nmos3v_dfm" ......
Running "rm -rf	tsmc13rf/nmos3v_mis_dfm" ......
Running "rm -rf	tsmc13rf/nmos3vn_dfm" ......
Running "rm -rf	tsmc13rf/nmos3vdnw_dfm" ......
Running "rm -rf	tsmc13rf/nmos3vdnw_mis_dfm" ......
Running "rm -rf	tsmc13rf/pmos3v_dfm" ......
Running "rm -rf	tsmc13rf/pmos3v_mis_dfm" ......
Running "echo "Preparing MOSFETs_DFM ..."" ......
Preparing MOSFETs_DFM ...
Running "rm -rf	tsmc13rf/nmos3v_dfmx" ......
Running "rm -rf	tsmc13rf/nmos3v_mis_dfmx" ......
Running "rm -rf	tsmc13rf/nmos3vn_dfmx" ......
Running "rm -rf	tsmc13rf/nmos3vdnw_dfmx" ......
Running "rm -rf	tsmc13rf/nmos3vdnw_mis_dfmx" ......
Running "rm -rf	tsmc13rf/pmos3v_dfmx" ......
Running "rm -rf	tsmc13rf/pmos3v_mis_dfmx" ......
Running "echo "Preparing Varactors ..."" ......
Preparing Varactors ...
Running "rm -rf	tsmc13rf/mos_var33" ......
Running "rm -rf	tsmc13rf/mos_var33_nw" ......
Running "rm -rf	tsmc13rf/nmoscap_33" ......
Running "rm -rf	tsmc13rf/pmoscap_33" ......
Define CAP_1P0
Running "cp -rf ../Raw_data/techFile/Assura_LVS_RC/techRuleSets.1p0 Assura/techRuleSets" ......
Running "cp -f  ../Raw_data/techFile/Assura_LVS_RC/switches_LVSRCX_CAP1p0 Assura/lvs_rcx" ......
Running "cp -f  ../Raw_data/techFile/Calibre_LVS/CAP_SWITCH Calibre/lvs_rcx/CAP_SWITCH" ......
Running "cp -rf ../Raw_data/techFile/techfile.m8wiUTM_lib.tar ./." ......
Running "tar xvf ./techfile.m8wiUTM_lib.tar" ......
tsmc13rf/
tsmc13rf/M1_PO/
tsmc13rf/M1_PO/symbolic/
tsmc13rf/M1_PO/symbolic/layout.oa
tsmc13rf/M1_PO/symbolic/master.tag
tsmc13rf/M1_NWELL/
tsmc13rf/M1_NWELL/symbolic/
tsmc13rf/M1_NWELL/symbolic/layout.oa
tsmc13rf/M1_NWELL/symbolic/master.tag
tsmc13rf/M7_M6/
tsmc13rf/M7_M6/via/
tsmc13rf/M7_M6/via/layout.oa
tsmc13rf/M7_M6/via/master.tag
tsmc13rf/M7_M6/symbolic/
tsmc13rf/M7_M6/symbolic/layout.oa
tsmc13rf/M7_M6/symbolic/master.tag
tsmc13rf/cdsinfo.tag
tsmc13rf/met1_T/
tsmc13rf/met1_T/symbolic/
tsmc13rf/met1_T/symbolic/layout.oa
tsmc13rf/met1_T/symbolic/master.tag
tsmc13rf/M1_NPOLYG/
tsmc13rf/M1_NPOLYG/symbolic/
tsmc13rf/M1_NPOLYG/symbolic/layout.oa
tsmc13rf/M1_NPOLYG/symbolic/master.tag
tsmc13rf/M2_M1/
tsmc13rf/M2_M1/via/
tsmc13rf/M2_M1/via/layout.oa
tsmc13rf/M2_M1/via/master.tag
tsmc13rf/M2_M1/symbolic/
tsmc13rf/M2_M1/symbolic/layout.oa
tsmc13rf/M2_M1/symbolic/master.tag
tsmc13rf/tsmc13rf.layermap
tsmc13rf/M1_PACTIVE/
tsmc13rf/M1_PACTIVE/symbolic/
tsmc13rf/M1_PACTIVE/symbolic/layout.oa
tsmc13rf/M1_PACTIVE/symbolic/master.tag
tsmc13rf/via3ts/
tsmc13rf/via3ts/symbolic/
tsmc13rf/via3ts/symbolic/layout.oa
tsmc13rf/via3ts/symbolic/master.tag
tsmc13rf/met8_T/
tsmc13rf/met8_T/symbolic/
tsmc13rf/met8_T/symbolic/layout.oa
tsmc13rf/met8_T/symbolic/master.tag
tsmc13rf/via2/
tsmc13rf/via2/symbolic/
tsmc13rf/via2/symbolic/layout.oa
tsmc13rf/via2/symbolic/master.tag
tsmc13rf/via7/
tsmc13rf/via7/symbolic/
tsmc13rf/via7/symbolic/layout.oa
tsmc13rf/via7/symbolic/master.tag
tsmc13rf/po_T/
tsmc13rf/po_T/symbolic/
tsmc13rf/po_T/symbolic/layout.oa
tsmc13rf/po_T/symbolic/master.tag
tsmc13rf/M5_M4/
tsmc13rf/M5_M4/via/
tsmc13rf/M5_M4/via/layout.oa
tsmc13rf/M5_M4/via/master.tag
tsmc13rf/M5_M4/symbolic/
tsmc13rf/M5_M4/symbolic/layout.oa
tsmc13rf/M5_M4/symbolic/master.tag
tsmc13rf/AP_M8/
tsmc13rf/AP_M8/symbolic/
tsmc13rf/AP_M8/symbolic/layout.oa
tsmc13rf/AP_M8/symbolic/master.tag
tsmc13rf/M8_M7/
tsmc13rf/M8_M7/via/
tsmc13rf/M8_M7/via/layout.oa
tsmc13rf/M8_M7/via/master.tag
tsmc13rf/M8_M7/symbolic/
tsmc13rf/M8_M7/symbolic/layout.oa
tsmc13rf/M8_M7/symbolic/master.tag
tsmc13rf/met3_T/
tsmc13rf/met3_T/symbolic/
tsmc13rf/met3_T/symbolic/layout.oa
tsmc13rf/met3_T/symbolic/master.tag
tsmc13rf/via4ts/
tsmc13rf/via4ts/symbolic/
tsmc13rf/via4ts/symbolic/layout.oa
tsmc13rf/via4ts/symbolic/master.tag
tsmc13rf/met5_T/
tsmc13rf/met5_T/symbolic/
tsmc13rf/met5_T/symbolic/layout.oa
tsmc13rf/met5_T/symbolic/master.tag
tsmc13rf/met2_T/
tsmc13rf/met2_T/symbolic/
tsmc13rf/met2_T/symbolic/layout.oa
tsmc13rf/met2_T/symbolic/master.tag
tsmc13rf/M3_M2/
tsmc13rf/M3_M2/via/
tsmc13rf/M3_M2/via/layout.oa
tsmc13rf/M3_M2/via/master.tag
tsmc13rf/M3_M2/symbolic/
tsmc13rf/M3_M2/symbolic/layout.oa
tsmc13rf/M3_M2/symbolic/master.tag
tsmc13rf/tech.db
tsmc13rf/met7_T/
tsmc13rf/met7_T/symbolic/
tsmc13rf/met7_T/symbolic/layout.oa
tsmc13rf/met7_T/symbolic/master.tag
tsmc13rf/M1_SUB/
tsmc13rf/M1_SUB/symbolic/
tsmc13rf/M1_SUB/symbolic/layout.oa
tsmc13rf/M1_SUB/symbolic/master.tag
tsmc13rf/via5ts/
tsmc13rf/via5ts/symbolic/
tsmc13rf/via5ts/symbolic/layout.oa
tsmc13rf/via5ts/symbolic/master.tag
tsmc13rf/.oalib
tsmc13rf/via5/
tsmc13rf/via5/symbolic/
tsmc13rf/via5/symbolic/layout.oa
tsmc13rf/via5/symbolic/master.tag
tsmc13rf/via3/
tsmc13rf/via3/symbolic/
tsmc13rf/via3/symbolic/layout.oa
tsmc13rf/via3/symbolic/master.tag
tsmc13rf/M6_M5/
tsmc13rf/M6_M5/via/
tsmc13rf/M6_M5/via/layout.oa
tsmc13rf/M6_M5/via/master.tag
tsmc13rf/M6_M5/symbolic/
tsmc13rf/M6_M5/symbolic/layout.oa
tsmc13rf/M6_M5/symbolic/master.tag
tsmc13rf/via6/
tsmc13rf/via6/symbolic/
tsmc13rf/via6/symbolic/layout.oa
tsmc13rf/via6/symbolic/master.tag
tsmc13rf/via4/
tsmc13rf/via4/symbolic/
tsmc13rf/via4/symbolic/layout.oa
tsmc13rf/via4/symbolic/master.tag
tsmc13rf/met6_T/
tsmc13rf/met6_T/symbolic/
tsmc13rf/met6_T/symbolic/layout.oa
tsmc13rf/met6_T/symbolic/master.tag
tsmc13rf/ruleVia/
tsmc13rf/ruleVia/symbolic/
tsmc13rf/ruleVia/symbolic/layout.oa
tsmc13rf/ruleVia/symbolic/thumbnail_128x128.png
tsmc13rf/ruleVia/symbolic/master.tag
tsmc13rf/M4_M3/
tsmc13rf/M4_M3/via/
tsmc13rf/M4_M3/via/layout.oa
tsmc13rf/M4_M3/via/master.tag
tsmc13rf/M4_M3/symbolic/
tsmc13rf/M4_M3/symbolic/layout.oa
tsmc13rf/M4_M3/symbolic/master.tag
tsmc13rf/via2ts/
tsmc13rf/via2ts/symbolic/
tsmc13rf/via2ts/symbolic/layout.oa
tsmc13rf/via2ts/symbolic/master.tag
tsmc13rf/M1_PPOLYG/
tsmc13rf/M1_PPOLYG/symbolic/
tsmc13rf/M1_PPOLYG/symbolic/layout.oa
tsmc13rf/M1_PPOLYG/symbolic/master.tag
tsmc13rf/MD_M8/
tsmc13rf/MD_M8/symbolic/
tsmc13rf/MD_M8/symbolic/layout.oa
tsmc13rf/MD_M8/symbolic/master.tag
tsmc13rf/met4_T/
tsmc13rf/met4_T/symbolic/
tsmc13rf/met4_T/symbolic/layout.oa
tsmc13rf/met4_T/symbolic/master.tag
tsmc13rf/via1/
tsmc13rf/via1/symbolic/
tsmc13rf/via1/symbolic/layout.oa
tsmc13rf/via1/symbolic/master.tag
tsmc13rf/M1_NACTIVE/
tsmc13rf/M1_NACTIVE/symbolic/
tsmc13rf/M1_NACTIVE/symbolic/layout.oa
tsmc13rf/M1_NACTIVE/symbolic/master.tag
tsmc13rf/M1_OD/
tsmc13rf/M1_OD/symbolic/
tsmc13rf/M1_OD/symbolic/layout.oa
tsmc13rf/M1_OD/symbolic/master.tag
Running "rm ./techfile.m8wiUTM_lib.tar" ......
Running "cp -rf ../Raw_data/techFile/techfile.m8wiUTM ./techfile" ......
Running "cp -rf ../Raw_data/techFile/Calibre_LVS/RF_12_25_FSG/wiUTM_CuRDL/m8/* Calibre/lvs_rcx" ......
Running "cp -f  ../Raw_data/techFile/Calibre_LVS/source_added.RF_12_25_FSG Calibre/lvs_rcx/source_added" ......
Running "cp -f  ../Raw_data/techFile/Calibre_LVS/xcell.RF_12_25_FSG Calibre/lvs_rcx/xcell" ......
Running "cp -rf ../Raw_data/techFile/Assura_LVS_RC/RF_12_25_FSG/wiUTM_CuRDL/m8/*  Assura/lvs_rcx" ......
Running "cp -f  ../Raw_data/techFile/Assura_LVS_RC/source_added.RF_12_25_FSG Assura/lvs_rcx/source_added" ......
Running "cp -f  ../Raw_data/techFile/Calibre_DRC/calibre.ant.m8 Calibre/drc/calibre.ant" ......
Running "cp -f  ../Raw_data/techFile/Calibre_DRC/calibre.drc.25.m8UTM Calibre/drc/calibre.drc" ......
Running "cp -rf ../Raw_data/techFile/Calibre_RC/rules_m8wiUTM Calibre/lvs_rcx/rules" ......
Running "cp -f  ../Raw_data/techFile/Calibre_RC/calview.cellmap.m8wiUTM Calibre/lvs_rcx/calview.cellmap" ......
Running "cat Calibre/lvs_rcx/CAP_SWITCH Calibre/lvs_rcx/calibre.lvs > Calibre/lvs_rcx/calibre.lvs.tmp" ......
Running "rm Calibre/lvs_rcx/calibre.lvs" ......
Running "mv Calibre/lvs_rcx/calibre.lvs.tmp Calibre/lvs_rcx/calibre.lvs" ......
Running "cat ../Raw_data/techFile/Calibre_RC/RC_DECK Calibre/lvs_rcx/calibre.lvs > Calibre/lvs_rcx/calibre.xrc" ......
Running "cp -f  ../Raw_data/techFile/Assura_DRC/assura.ant.m8 Assura/drc/assura.ant" ......
Running "cp -f  ../Raw_data/techFile/Assura_DRC/DRC.rsf Assura/drc/" ......
Running "cp -f  ../Raw_data/techFile/Assura_DRC/assura.drc.25.m8UTM Assura/drc/assura.drc" ......
Running "cp -rf ../Raw_data/assura_tech.lib ." ......
Running "cp -rf ../Raw_data/display.drf ." ......
Running "cp -rf ../Raw_data/techFile/font.map ." ......
Running "cp -rf ../Raw_data/cds.lib ." ......
Running "cp -rf ../Raw_data/lib.defs ." ......
Running "cp -rf  ../Raw_data/tsmc13rf/mimcap_1p0_m8wiUTM tsmc13rf/mimcap" ......
Running "cp -rf  ../Raw_data/tsmc13rf/mimcap_mis_1p0_m8wiUTM tsmc13rf/mimcap_mis" ......
Running "cp -rf  ../Raw_data/tsmc13rf/mimcap_woum_1p0_m8wiUTM tsmc13rf/mimcap_woum" ......
Running "cp -rf  ../Raw_data/tsmc13rf/mimcap_woum_mis_1p0_m8wiUTM tsmc13rf/mimcap_woum_mis" ......
Running "cp -rf  ../Raw_data/tsmc13rf/mimcap_um_1p0_m8wiUTM tsmc13rf/mimcap_um" ......
Running "cp -rf  ../Raw_data/tsmc13rf/mimcap_um_mis_1p0_m8wiUTM tsmc13rf/mimcap_um_mis" ......
Running "cp -rf ../Raw_data/tsmc13rf/spiral_std_m8 tsmc13rf/spiral_std" ......
Running "cp -rf ../Raw_data/tsmc13rf/spiral_sym_m8 tsmc13rf/spiral_sym" ......
Running "cp -rf ../Raw_data/tsmc13rf/spiral_sym_ct_m8 tsmc13rf/spiral_sym_ct" ......
Running "cp -rf ../Raw_data/tsmc13rf/crtmom_m8 tsmc13rf/crtmom" ......
Running "cp -rf ../Raw_data/tsmc13rf/rm8u tsmc13rf/rm8" ......
Running "cp -rf ../Raw_data/tsmc13rf/rm7t tsmc13rf/rm7" ......
Running "cp -rf ../Raw_data/tsmc13rf/rm6n tsmc13rf/rm6" ......
Running "cp -rf ../Raw_data/tsmc13rf/rm5n tsmc13rf/rm5" ......
Running "cp -rf ../Raw_data/tsmc13rf/rm4n tsmc13rf/rm4" ......
Running "cp -rf ../Raw_data/tsmc13rf/rm3n tsmc13rf/rm3" ......
Found "/home/IC/Desktop/virtuoso/Process/TSMC13/TSMC13/models/hspice/temp.mdl"
Generating "/home/IC/Desktop/virtuoso/Process/TSMC13/TSMC13/models/hspice/hspice.mdl" .....
